// Code generated by gotest. DO NOT EDIT.
package golang

import (
	_ "embed"

	"github.com/UiP9AV6Y/buildinfo"
)

//go:generate gotest --generate buildinfo --filename gotest.json --project-dir /mock/src
//go:embed gotest.json
var embedInfo []byte
var buildInfo *buildinfo.BuildInfo

func init() {
	buildInfo = buildinfo.MustParse(embedInfo)
}

// Version returns the application release information
func Version() string {
	return buildInfo.VersionInfo.VersionRevision()
}

// Print returns version- and environment information.
func Print(program string) string {
	return buildInfo.Print(program)
}
